[backblue.gif]
[fade.gif]
[index.html]
[localhost/interlinklogistics.co.uk/comments/feed/index.html]
[localhost/interlinklogistics.co.uk/feed/index.html]
[interlinklogistics.co.uk/wp-content/uploads/2022/07/transport-slide1-1.html]
[localhost/interlinklogistics.co.uk/index.html]
[interlinklogistics.co.uk/wp-content/uploads/2022/07/transport-slide1-1.html]
[localhost/interlinklogistics.co.uk/wp-content/themes/astra/assets/css/minified/main.mina352.css]
[c0.wp.com/c/6.2/wp-includes/css/dist/block-library/style.min.css]
[c0.wp.com/c/6.2/wp-includes/js/mediaelement/mediaelementplayer-legacy.min.css]
[c0.wp.com/c/6.2/wp-includes/js/mediaelement/wp-mediaelement.min.css]
[c0.wp.com/p/woocommerce/7.6.1/packages/woocommerce-blocks/build/wc-blocks-vendors-style.css]
[c0.wp.com/p/woocommerce/7.6.1/packages/woocommerce-blocks/build/wc-blocks-style.css]
[localhost/interlinklogistics.co.uk/wp-content/plugins/redux-framework/redux-core/assets/css/extendify-utilitiesa94e.css]
[localhost/interlinklogistics.co.uk/wp-content/themes/astra/assets/css/minified/compatibility/woocommerce/woocommerce-layout-grid.mina352.css]
[localhost/interlinklogistics.co.uk/xmlrpc0db0.php]
[localhost/interlinklogistics.co.uk/wp-content/themes/astra/assets/css/minified/compatibility/woocommerce/woocommerce-smallscreen-grid.mina352.css]
[localhost/interlinklogistics.co.uk/wp-includes/wlwmanifest.xml]
[localhost/interlinklogistics.co.uk/wp-json/index.html]
[localhost/interlinklogistics.co.uk/wp-json/wp/v2/pages/7.json]
[localhost/interlinklogistics.co.uk/wp-json/oembed/1.0/embed7083.json]
[localhost/interlinklogistics.co.uk/wp-content/themes/astra/assets/css/minified/compatibility/woocommerce/woocommerce-grid.mina352.css]
[localhost/interlinklogistics.co.uk/wp-content/uploads/2022/07/cropped-logo_small_icon_only-1-32x32.png]
[c0.wp.com/c/6.2/wp-includes/css/dist/components/style.min.css]
[localhost/interlinklogistics.co.uk/wp-content/uploads/2022/07/cropped-logo_small_icon_only-1-192x192.png]
[localhost/interlinklogistics.co.uk/wp-content/uploads/2022/07/cropped-logo_small_icon_only-1-180x180.png]
[localhost/interlinklogistics.co.uk/wp-json/oembed/1.0/embedecbd]
[localhost/interlinklogistics.co.uk/wp-content/plugins/coblocks/includes/Dependencies/GoDaddy/Styles/build/latest4c56.css]
[localhost/interlinklogistics.co.uk/wp-content/uploads/2022/07/rsz_logo_white_large.png]
[localhost/interlinklogistics.co.uk/wp-content/uploads/astra-addon/astra-addon-644ecdf809c9f5-944244452e46.css]
[localhost/interlinklogistics.co.uk/wp-content/plugins/elementor/assets/lib/eicons/css/elementor-icons.min3b94.css]
[localhost/interlinklogistics.co.uk/wp-content/uploads/2023/05/2022-07-stones-stone-on-a-white-background-263661-modified.png]
[localhost/interlinklogistics.co.uk/wp-content/plugins/elementor/assets/css/frontend-lite.mine56c.css]
[localhost/interlinklogistics.co.uk/wp-content/uploads/2023/05/rsw_730h_730cg_true-1-modified-150x150-1.png]
[localhost/interlinklogistics.co.uk/wp-content/plugins/elementor/assets/lib/swiper/css/swiper.min48f5.css]
[localhost/interlinklogistics.co.uk/wp-content/uploads/2023/05/rsw_730h_730cg_true-3-modified-1-150x150-1.png]
[localhost/interlinklogistics.co.uk/wp-content/uploads/2023/05/rsw_730h_730cg_true-1-modified-150x150-1b012.png]
[localhost/interlinklogistics.co.uk/wp-content/uploads/2023/05/rsw_730h_730cg_true-2-modified-1-150x150-1.png]
[localhost/interlinklogistics.co.uk/wp-content/uploads/2023/05/rsw_730h_730cg_true-3-modified-1-150x150-1b012.png]
[localhost/interlinklogistics.co.uk/wp-content/uploads/elementor/css/post-218447d.css]
[localhost/interlinklogistics.co.uk/wp-content/plugins/ultimate-elementor/assets/min-css/uael-frontend.mina144.css]
[localhost/interlinklogistics.co.uk/wp-content/uploads/2023/05/rsw_730h_730cg_true-2-modified-1-150x150-1b012.png]
[localhost/interlinklogistics.co.uk/wp-content/uploads/2023/05/2022-07-blob-0002.png]
[localhost/interlinklogistics.co.uk/wp-content/plugins/wpforms/assets/css/frontend/classic/wpforms-base.minbbb9.css]
[localhost/interlinklogistics.co.uk/wp-content/uploads/elementor/css/post-7a001.css]
[localhost/interlinklogistics.co.uk/wp-content/plugins/elementor/assets/lib/font-awesome/css/fontawesome.min52d5.css]
[localhost/interlinklogistics.co.uk/wp-content/plugins/elementor/assets/lib/font-awesome/css/solid.min52d5.css]
[localhost/interlinklogistics.co.uk/wp-content/plugins/woocommerce-payments/vendor/automattic/jetpack-connection/dist/tracks-callables5696.js]
[localhost/interlinklogistics.co.uk/wp-content/themes/astra/assets/js/minified/frontend.mina352.js]
[localhost/interlinklogistics.co.uk/wp-content/themes/astra/assets/js/minified/add-to-cart-quantity-btn.mina352.js]
[localhost/interlinklogistics.co.uk/wp-content/plugins/coblocks/dist/js/coblocks-animation19ce.js]
[localhost/interlinklogistics.co.uk/wp-content/plugins/coblocks/dist/js/coblocks-tinyswiper-initializer19ce.js]
[c0.wp.com/c/6.2/wp-includes/js/jquery/jquery.min.js]
[c0.wp.com/c/6.2/wp-includes/js/jquery/jquery-migrate.min.js]
[c0.wp.com/p/woocommerce/7.6.1/assets/js/jquery-blockui/jquery.blockUI.min.js]
[c0.wp.com/p/jetpack/12.0/css/jetpack.css]
[c0.wp.com/p/woocommerce/7.6.1/assets/js/frontend/add-to-cart.min.js]
[c0.wp.com/p/woocommerce/7.6.1/assets/js/js-cookie/js.cookie.min.js]
[c0.wp.com/p/woocommerce/7.6.1/assets/js/frontend/woocommerce.min.js]
[c0.wp.com/p/woocommerce/7.6.1/assets/js/frontend/cart-fragments.min.js]
[c0.wp.com/c/6.2/wp-includes/js/imagesloaded.min.js]
[c0.wp.com/p/woocommerce/7.6.1/assets/js/flexslider/jquery.flexslider.min.js]
[localhost/interlinklogistics.co.uk/same-day-delivery-courier/index.html]
[localhost/interlinklogistics.co.uk/wp-content/uploads/astra-addon/astra-addon-644ecdf80dec23-341539412e46.js]
[localhost/interlinklogistics.co.uk/wp-content/plugins/astra-addon/addons/woocommerce/assets/js/minified/single-product-ajax-cart.min2e46.js]
[localhost/interlinklogistics.co.uk/wp-content/plugins/jetpack-boost/jetpack_vendor/automattic/jetpack-lazy-images/dist/intersection-observer05bd.js]
[localhost/interlinklogistics.co.uk/wp-content/uploads/2023/05/1-2.jpg]
[localhost/interlinklogistics.co.uk/wp-content/uploads/2023/05/2-1.png]
[localhost/interlinklogistics.co.uk/wp-content/uploads/2023/05/3-1.png]
[localhost/interlinklogistics.co.uk/wp-content/plugins/jetpack-boost/jetpack_vendor/automattic/jetpack-lazy-images/dist/lazy-imagesf027.js]
[localhost/interlinklogistics.co.uk/wp-content/plugins/elementor/assets/js/webpack.runtime.mine56c.js]
[localhost/interlinklogistics.co.uk/wp-content/plugins/elementor/assets/js/frontend-modules.mine56c.js]
[localhost/interlinklogistics.co.uk/wp-content/plugins/elementor/assets/lib/waypoints/waypoints.min05da.js]
[localhost/interlinklogistics.co.uk/book-pay/index.html]
[localhost/interlinklogistics.co.uk/wp-content/plugins/elementor/assets/js/frontend.mine56c.js]
[c0.wp.com/c/6.2/wp-includes/js/jquery/ui/core.min.js]
[c0.wp.com/c/6.2/wp-includes/js/underscore.min.js]
[localhost/interlinklogistics.co.uk/get-a-quote/index.html]
[localhost/interlinklogistics.co.uk/wp-content/plugins/wpforms/assets/js/integrations/elementor/frontend.minbbb9.js]
[c0.wp.com/c/6.2/wp-includes/js/wp-util.min.js]
[localhost/interlinklogistics.co.uk/fleet/index.html]
[localhost/interlinklogistics.co.uk/charges-2/index.html]
[localhost/interlinklogistics.co.uk/wp-content/plugins/woocommerce/assets/fonts/star.eot]
[localhost/interlinklogistics.co.uk/wp-content/plugins/woocommerce/assets/fonts/stard41d.eot]
[localhost/interlinklogistics.co.uk/terms-and-conditions/index.html]
[localhost/interlinklogistics.co.uk/wp-content/plugins/woocommerce/assets/fonts/star.ttf]
[localhost/interlinklogistics.co.uk/wp-content/plugins/woocommerce/assets/fonts/star.woff]
[localhost/interlinklogistics.co.uk/privacy-policy/index.html]
[localhost/interlinklogistics.co.uk/wp-content/plugins/woocommerce/assets/fonts/WooCommerce.eot]
[interlinklogistics.co.uk/js/parking.2.104.8.js]
[localhost/interlinklogistics.co.uk/about-us-same-day-courier-services/index.html]
[localhost/interlinklogistics.co.uk/wp-content/plugins/woocommerce/assets/fonts/WooCommerced41d.eot]
[localhost/interlinklogistics.co.uk/wp-content/plugins/woocommerce/assets/fonts/WooCommerce.woff]
[localhost/interlinklogistics.co.uk/contact/index.html]
[localhost/interlinklogistics.co.uk/instant-quote/index.html]
[localhost/interlinklogistics.co.uk/wp-content/plugins/woocommerce/assets/fonts/WooCommerce.ttf]
[localhost/interlinklogistics.co.uk/wp-content/plugins/woocommerce/assets/css/photoswipe/default-skin/default-skin.png]
[localhost/interlinklogistics.co.uk/about/index.html]
[localhost/interlinklogistics.co.uk/faq-same-day-services/index.html]
[localhost/interlinklogistics.co.uk/wp-content/plugins/elementor/assets/lib/animations/animations.mine56c.css]
[c0.wp.com/c/6.2/wp-includes/js/mediaelement/mejs-controls.svg]
[localhost/interlinklogistics.co.uk/wp-content/plugins/woocommerce/assets/fonts/star.svg]
[localhost/interlinklogistics.co.uk/wp-content/plugins/elementor/assets/lib/eicons/fonts/eiconsd6bb.eot]
[localhost/interlinklogistics.co.uk/wp-content/plugins/woocommerce/assets/fonts/WooCommerce.svg]
[localhost/interlinklogistics.co.uk/wp-content/plugins/elementor/assets/lib/eicons/fonts/eiconsd6bb.woff2]
[localhost/interlinklogistics.co.uk/wp-content/plugins/woocommerce/assets/images/icons/loader.svg]
[localhost/interlinklogistics.co.uk/wp-content/plugins/elementor/assets/lib/eicons/fonts/eiconsd6bb.woff]
[localhost/interlinklogistics.co.uk/wp-content/plugins/woocommerce/assets/images/icons/credit-cards/visa.svg]
[localhost/interlinklogistics.co.uk/wp-content/plugins/elementor/assets/lib/eicons/fonts/eiconsd6bb.ttf]
[localhost/interlinklogistics.co.uk/wp-content/plugins/woocommerce/assets/images/icons/credit-cards/mastercard.svg]
[localhost/interlinklogistics.co.uk/wp-content/plugins/woocommerce/assets/images/icons/credit-cards/laser.svg]
[localhost/interlinklogistics.co.uk/wp-content/plugins/woocommerce/assets/images/icons/credit-cards/diners.svg]
[localhost/interlinklogistics.co.uk/wp-content/uploads/2022/07/transport-slide1-1.jpg]
[localhost/interlinklogistics.co.uk/wp-content/plugins/woocommerce/assets/images/icons/credit-cards/maestro.svg]
[localhost/interlinklogistics.co.uk/wp-content/uploads/2022/07/group-team-feedback-3014157.jpg]
[localhost/interlinklogistics.co.uk/wp-content/plugins/woocommerce/assets/images/icons/credit-cards/jcb.svg]
[localhost/interlinklogistics.co.uk/wp-content/plugins/elementor/assets/lib/font-awesome/webfonts/fa-solid-900.eot]
[localhost/interlinklogistics.co.uk/wp-content/plugins/elementor/assets/lib/font-awesome/webfonts/fa-solid-900d41d.eot]
[localhost/interlinklogistics.co.uk/wp-content/plugins/woocommerce/assets/images/icons/credit-cards/amex.svg]
[localhost/interlinklogistics.co.uk/wp-content/plugins/elementor/assets/lib/font-awesome/webfonts/fa-solid-900.woff2]
[localhost/interlinklogistics.co.uk/wp-content/plugins/woocommerce/assets/images/icons/credit-cards/discover.svg]
[localhost/interlinklogistics.co.uk/wp-content/plugins/elementor/assets/lib/font-awesome/webfonts/fa-solid-900.woff]
[localhost/interlinklogistics.co.uk/wp-content/plugins/elementor/assets/lib/font-awesome/webfonts/fa-solid-900.ttf]
[localhost/interlinklogistics.co.uk/wp-content/plugins/elementor/assets/lib/eicons/fonts/eiconsd6bb.svg]
[localhost/interlinklogistics.co.uk/wp-content/plugins/wpforms/assets/css/frontend/images/times-solid-white.html]
[c0.wp.com/p/jetpack/12.0/modules/shortcodes/img/slideshow-controls.png]
[c0.wp.com/p/jetpack/12.0/modules/shortcodes/images/slide-nav.png]
[c0.wp.com/p/jetpack/12.0/modules/shortcodes/img/slideshow-controls-2x.png]
[localhost/interlinklogistics.co.uk/wp-content/plugins/elementor/assets/lib/font-awesome/webfonts/fa-solid-900.svg]
[c0.wp.com/p/jetpack/12.0/modules/shortcodes/images/expand.png]
[localhost/interlinklogistics.co.uk/wp-json/wp/v2/pages/9707.json]
[localhost/interlinklogistics.co.uk/wp-json/oembed/1.0/embedc077.json]
[localhost/interlinklogistics.co.uk/wp-json/oembed/1.0/embedbf4e]
[localhost/interlinklogistics.co.uk/wp-content/uploads/2023/05/2022-07-rsw_720h_360cg_true-modified.png]
[localhost/interlinklogistics.co.uk/wp-content/uploads/2023/05/2022-07-rsw_1440h_1440-32-modified.png]
[localhost/interlinklogistics.co.uk/wp-content/uploads/2023/05/2022-07-rsw_1440h_1440-52-modified.png]
[localhost/interlinklogistics.co.uk/wp-content/uploads/2023/05/2022-07-rsw_1440h_1440-2022-06-30T211813.180-modified.png]
[localhost/interlinklogistics.co.uk/wp-content/uploads/2023/05/2022-07-rsw_720cg_truem-modified-1.png]
[interlinklogistics.co.uk/wp-content/uploads/2022/07/thank-you-polaroid-letters-2490552.html]
[localhost/interlinklogistics.co.uk/wp-json/wp/v2/pages/10409.json]
[localhost/interlinklogistics.co.uk/wp-json/oembed/1.0/embed2d4a.json]
[localhost/interlinklogistics.co.uk/wp-json/oembed/1.0/embed58b7]
[secure.gravatar.com/images/grav-share-sprite.png]
[js.honeybadger.io/v2.3/honeybadger.min3428.js]
[localhost/interlinklogistics.co.uk/wp-content/plugins/transitquote-pro/public/js/jquery.ui.mapae48.js]
[code.jquery.com/ui/1.10.4/jquery-ui4963.js]
[localhost/interlinklogistics.co.uk/wp-content/plugins/transitquote-pro/public/js/pickerae48.js]
[localhost/interlinklogistics.co.uk/wp-content/plugins/transitquote-pro/public/js/picker.dateae48.js]
[localhost/interlinklogistics.co.uk/wp-content/plugins/transitquote-pro/public/js/picker.timeae48.js]
[localhost/interlinklogistics.co.uk/wp-content/plugins/transitquote-pro/public/js/legacyae48.js]
[localhost/interlinklogistics.co.uk/wp-content/plugins/transitquote-pro/public/themes/light/js/themeae48.js]
[localhost/interlinklogistics.co.uk/wp-content/plugins/transitquote-pro/public/js/js-transitquote/classes/class.tq.FormReaderae48.js]
[localhost/interlinklogistics.co.uk/wp-content/plugins/transitquote-pro/public/js/js-transitquote/classes/class.tq.RouteAddressPickersae48.js]
[localhost/interlinklogistics.co.uk/wp-content/plugins/transitquote-pro/public/js/js-transitquote/classes/class.tq.AddressPickerae48.js]
[localhost/interlinklogistics.co.uk/wp-content/plugins/transitquote-pro/public/js/js-transitquote/classes/class.tq.ReturnJourneyFixedStartMixedModeRouteOptionsBuilderae48.js]
[localhost/interlinklogistics.co.uk/wp-content/plugins/transitquote-pro/public/js/js-transitquote/classes/class.tq.ReturnJourneyFixedStartRouteOptionsBuilderae48.js]
[localhost/interlinklogistics.co.uk/wp-content/plugins/transitquote-pro/public/js/js-transitquote/classes/class.tq.ReturnJourneyMixedModeRouteOptionsBuilderae48.js]
[localhost/interlinklogistics.co.uk/wp-content/plugins/transitquote-pro/public/js/js-transitquote/classes/class.tq.ReturnJourneyRouteOptionsBuilderae48.js]
[localhost/interlinklogistics.co.uk/wp-content/plugins/transitquote-pro/public/js/js-transitquote/classes/class.tq.ReturnToBaseOptionsBuilderae48.js]
[localhost/interlinklogistics.co.uk/wp-content/plugins/transitquote-pro/public/js/js-transitquote/classes/class.tq.ReturnToBaseFixedStartRouteOptionsBuilderae48.js]
[localhost/interlinklogistics.co.uk/wp-content/plugins/transitquote-pro/public/js/js-transitquote/classes/class.tq.ReturnJourneyReturnToBaseOptionsBuilderae48.js]
[localhost/interlinklogistics.co.uk/wp-content/plugins/transitquote-pro/public/js/js-transitquote/classes/class.tq.ReturnJourneyReturnToBaseFixedStartOptionsBuilderae48.js]
[localhost/interlinklogistics.co.uk/wp-content/plugins/transitquote-pro/public/js/js-transitquote/classes/class.tq.RouteRequestae48.js]
[localhost/interlinklogistics.co.uk/wp-content/plugins/transitquote-pro/public/js/js-transitquote/classes/class.tq.StandardFixedStartMixedModeRouteOptionsBuilderae48.js]
[localhost/interlinklogistics.co.uk/wp-content/plugins/transitquote-pro/public/js/js-transitquote/classes/class.tq.StandardMixedModeRouteOptionsBuilderae48.js]
[localhost/interlinklogistics.co.uk/wp-content/plugins/transitquote-pro/public/js/js-transitquote/classes/class.tq.StandardFixedStartRouteOptionsBuilderae48.js]
[localhost/interlinklogistics.co.uk/wp-content/plugins/transitquote-pro/public/js/js-transitquote/classes/class.tq.StandardRouteOptionsBuilderae48.js]
[localhost/interlinklogistics.co.uk/wp-content/plugins/transitquote-pro/public/js/js-transitquote/js/map-quote-calculator3428.js]
[localhost/interlinklogistics.co.uk/wp-content/plugins/transitquote-pro/public/js/tq-pro-public3428.js]
[localhost/interlinklogistics.co.uk/wp-content/plugins/transitquote-pro/public/js/parsley3428.js]
[localhost/interlinklogistics.co.uk/wp-content/plugins/transitquote-pro/public/js/public-main3428.js]
[c0.wp.com/p/jetpack/12.0/modules/shortcodes/images/collapse.png]
[localhost/interlinklogistics.co.uk/wp-json/oembed/1.0/embed38c4.json]
[localhost/interlinklogistics.co.uk/wp-content/uploads/2023/05/1-1.jpg]
[interlinklogistics.co.uk/wp-content/uploads/2022/07/thank-you-polaroid-letters-2490552.html]
[localhost/interlinklogistics.co.uk/wp-content/uploads/2023/05/2022-07-2.png]
[localhost/interlinklogistics.co.uk/wp-content/uploads/elementor/css/post-97071fa8.css]
[localhost/interlinklogistics.co.uk/wp-content/uploads/2023/05/2022-07-3.png]
[localhost/interlinklogistics.co.uk/indexafed.html]
[localhost/interlinklogistics.co.uk/wp-json/wp/v2/pages/21.json]
[localhost/interlinklogistics.co.uk/wp-content/uploads/elementor/css/post-10409a383.css]
[localhost/interlinklogistics.co.uk/wp-content/plugins/elementor/assets/lib/font-awesome/css/regular.min52d5.css]
[localhost/interlinklogistics.co.uk/index5bdd.html]
[localhost/interlinklogistics.co.uk/wp-content/plugins/elementor/assets/css/widget-icon-list.min.css]
[localhost/interlinklogistics.co.uk/wp-content/plugins/wpforms/assets/pro/js/fields/entry-preview.minbbb9.js]
[localhost/interlinklogistics.co.uk/wp-json/oembed/1.0/embed4d5b]
[localhost/interlinklogistics.co.uk/wp-content/plugins/transitquote-pro/public/js/js-transitquote/css/map-quote-calculator3428.css]
[localhost/interlinklogistics.co.uk/wp-content/plugins/wpforms/assets/pro/lib/intl-tel-input/jquery.intl-tel-input.min8d96.js]
[localhost/interlinklogistics.co.uk/wp-content/plugins/transitquote-pro/public/css/jquery-ui3428.css]
[localhost/interlinklogistics.co.uk/wp-content/plugins/wpforms/assets/pro/lib/dropzone.min7404.js]
[localhost/interlinklogistics.co.uk/wp-content/plugins/transitquote-pro/public/css/jquery-ui-timepicker-addon3428.css]
[localhost/interlinklogistics.co.uk/wp-content/plugins/wpforms/assets/js/wpforms.minbbb9.js]
[localhost/interlinklogistics.co.uk/wp-content/plugins/transitquote-pro/public/css/datetimepicker3428.css]
[localhost/interlinklogistics.co.uk/wp-content/plugins/wpforms/assets/pro/js/wpforms-file-upload.es5.minbbb9.js]
[localhost/interlinklogistics.co.uk/wp-content/plugins/transitquote-pro/public/css/shared3428.css]
[localhost/interlinklogistics.co.uk/wp-content/plugins/wpforms/assets/lib/jquery.validate.min7e9d.js]
[localhost/interlinklogistics.co.uk/wp-content/plugins/transitquote-pro/public/themes/light/css/theme3428.css]
[localhost/interlinklogistics.co.uk/wp-content/plugins/wpforms/assets/lib/jquery.inputmask.minb4c5.js]
[localhost/interlinklogistics.co.uk/wp-content/plugins/transitquote-pro/public/css/parsley3428.css]
[localhost/interlinklogistics.co.uk/wp-content/plugins/wpforms/assets/lib/mailcheck.mincfa9.js]
[localhost/interlinklogistics.co.uk/wp-content/plugins/transitquote-pro/public/css/magnific-popup3428.css]
[localhost/interlinklogistics.co.uk/wp-content/plugins/wpforms/assets/lib/punycode.min8a54.js]
[localhost/interlinklogistics.co.uk/wp-content/uploads/elementor/css/post-210d40.css]
[localhost/interlinklogistics.co.uk/wp-content/plugins/wpforms/assets/js/utils.minbbb9.js]
[localhost/interlinklogistics.co.uk/index3965.html]
[localhost/interlinklogistics.co.uk/wp-content/plugins/wpforms/assets/lib/flatpickr/flatpickr.mina02c.js]
[localhost/interlinklogistics.co.uk/wp-content/plugins/wpforms/assets/images/submit-spin.svg]
[localhost/interlinklogistics.co.uk/wp-content/plugins/wpforms/assets/lib/jquery.timepicker/jquery.timepicker.min34e4.js]
[localhost/interlinklogistics.co.uk/wp-content/plugins/wpforms/assets/pro/css/fields/entry-preview.minbbb9.css]
[localhost/interlinklogistics.co.uk/wp-content/plugins/wpforms/assets/pro/css/fields/phone/intl-tel-input.min8d96.css]
[localhost/interlinklogistics.co.uk/wp-content/plugins/wpforms/assets/pro/css/dropzone.min7404.css]
[localhost/interlinklogistics.co.uk/wp-content/plugins/wpforms/assets/lib/jquery.timepicker/jquery.timepicker.min34e4.css]
[localhost/interlinklogistics.co.uk/wp-content/plugins/wpforms/assets/lib/flatpickr/flatpickr.mina02c.css]
[localhost/interlinklogistics.co.uk/wp-content/uploads/2023/05/rsw_776h_583cg_true-3.webp]
[localhost/interlinklogistics.co.uk/wp-json/oembed/1.0/embed46bc.json]
[localhost/interlinklogistics.co.uk/wp-content/uploads/2023/05/rsw_650h_489cg_true.webp]
[localhost/interlinklogistics.co.uk/wp-json/oembed/1.0/embed34a9]
[localhost/interlinklogistics.co.uk/wp-content/uploads/elementor/css/post-101846242.css]
[localhost/interlinklogistics.co.uk/wp-content/uploads/2023/05/rsw_650h_489cg_trueb012.webp]
[localhost/interlinklogistics.co.uk/wp-content/uploads/2023/05/rsw_776h_583cg_trueb012.webp]
[localhost/interlinklogistics.co.uk/wp-json/wp/v2/pages/10184.json]
[localhost/interlinklogistics.co.uk/wp-content/uploads/2023/05/rsw_776h_583cg_true.webp]
[localhost/interlinklogistics.co.uk/wp-content/uploads/2023/05/rsw_776h_583cg_true-1.webp]
[localhost/interlinklogistics.co.uk/wp-content/uploads/2023/05/rsw_776h_583cg_true-1b012.webp]
[localhost/interlinklogistics.co.uk/wp-content/uploads/2023/05/rsw_512h_385cg_true.webp]
[localhost/interlinklogistics.co.uk/wp-content/uploads/2023/05/rsw_512h_385cg_trueb012.webp]
[localhost/interlinklogistics.co.uk/wp-content/uploads/2023/05/luton-curtain-sider1-1.png]
[localhost/interlinklogistics.co.uk/index18f3.html]
[localhost/interlinklogistics.co.uk/wp-content/uploads/2023/05/luton-curtain-sider1-1b012.png]
[localhost/interlinklogistics.co.uk/wp-content/uploads/elementor/css/post-1018262c9.css]
[localhost/interlinklogistics.co.uk/wp-json/wp/v2/pages/10182.json]
[localhost/interlinklogistics.co.uk/wp-json/oembed/1.0/embeda32b.json]
[localhost/interlinklogistics.co.uk/wp-json/oembed/1.0/embed8d57]
[localhost/interlinklogistics.co.uk/indexda38.html]
[localhost/interlinklogistics.co.uk/wp-json/wp/v2/pages/9793.json]
[localhost/interlinklogistics.co.uk/wp-json/oembed/1.0/embed3fb6.json]
[localhost/interlinklogistics.co.uk/wp-json/oembed/1.0/embed440e]
[localhost/interlinklogistics.co.uk/wp-content/uploads/elementor/css/post-9793388c.css]
[localhost/interlinklogistics.co.uk/index3348.html]
[localhost/interlinklogistics.co.uk/wp-json/wp/v2/pages/9773.json]
[localhost/interlinklogistics.co.uk/wp-json/oembed/1.0/embed7021.json]
[localhost/interlinklogistics.co.uk/wp-content/uploads/elementor/css/post-9773aaca.css]
[localhost/interlinklogistics.co.uk/wp-json/oembed/1.0/embedc00c]
[localhost/interlinklogistics.co.uk/wp-content/uploads/2022/07/Interlink-Logistics-Office-Base-scaled.jpg]
[localhost/interlinklogistics.co.uk/index98cb.html]
[localhost/interlinklogistics.co.uk/wp-json/wp/v2/pages/9706.json]
[localhost/interlinklogistics.co.uk/wp-json/oembed/1.0/embed39ef.json]
[localhost/interlinklogistics.co.uk/wp-content/uploads/elementor/css/post-97065191.css]
[localhost/interlinklogistics.co.uk/wp-json/oembed/1.0/embed9786]
[localhost/interlinklogistics.co.uk/indexce90.html]
[localhost/interlinklogistics.co.uk/wp-json/wp/v2/pages/9708.json]
[localhost/interlinklogistics.co.uk/wp-content/uploads/elementor/css/post-97081739.css]
[localhost/interlinklogistics.co.uk/wp-json/oembed/1.0/embedcaf7.json]
[localhost/interlinklogistics.co.uk/indexa33e.html]
[localhost/interlinklogistics.co.uk/wp-json/oembed/1.0/embeda8cc]
[localhost/interlinklogistics.co.uk/wp-content/plugins/elementor/assets/css/widget-icon-box.min.css]
[localhost/interlinklogistics.co.uk/wp-json/wp/v2/pages/10604.json]
[localhost/interlinklogistics.co.uk/wp-json/oembed/1.0/embed7127.json]
[localhost/interlinklogistics.co.uk/faq/index.html]
[localhost/interlinklogistics.co.uk/wp-json/oembed/1.0/embed561b]
[localhost/interlinklogistics.co.uk/wp-content/uploads/elementor/css/post-106048bbe.css]
[localhost/interlinklogistics.co.uk/wp-json/wp/v2/pages/10319.json]
[localhost/interlinklogistics.co.uk/wp-content/uploads/2022/07/FAQ-300x200.webp]
[localhost/interlinklogistics.co.uk/index3451.html]
[localhost/interlinklogistics.co.uk/wp-content/uploads/elementor/css/post-103190ba1.css]
[localhost/interlinklogistics.co.uk/wp-content/plugins/elementor/assets/lib/font-awesome/webfonts/fa-regular-400.eot]
[localhost/interlinklogistics.co.uk/wp-content/plugins/elementor/assets/lib/font-awesome/webfonts/fa-regular-400d41d.eot]
[localhost/interlinklogistics.co.uk/wp-content/plugins/elementor/assets/lib/font-awesome/webfonts/fa-regular-400.woff2]
[localhost/interlinklogistics.co.uk/wp-content/plugins/elementor/assets/lib/font-awesome/webfonts/fa-regular-400.woff]
[localhost/interlinklogistics.co.uk/wp-json/oembed/1.0/embed1978.json]
[localhost/interlinklogistics.co.uk/indexfb10.html]
[localhost/interlinklogistics.co.uk/wp-content/plugins/elementor/assets/lib/font-awesome/webfonts/fa-regular-400.ttf]
[localhost/interlinklogistics.co.uk/wp-json/oembed/1.0/embed07e5]
[localhost/interlinklogistics.co.uk/wp-content/plugins/transitquote-pro/public/img/ui-icons_444444_256x240.png]
[localhost/interlinklogistics.co.uk/wp-content/plugins/elementor/assets/lib/font-awesome/webfonts/fa-regular-400.svg]
[localhost/interlinklogistics.co.uk/wp-content/plugins/transitquote-pro/public/themes/light/fonts/untitled-font-2.eot]
[localhost/interlinklogistics.co.uk/wp-content/plugins/transitquote-pro/public/themes/light/fonts/untitled-font-2d41d.eot]
[localhost/interlinklogistics.co.uk/wp-content/plugins/transitquote-pro/public/css/images/ui-icons_777777_256x240.html]
[localhost/interlinklogistics.co.uk/wp-content/plugins/transitquote-pro/public/css/images/ui-icons_555555_256x240.html]
[localhost/interlinklogistics.co.uk/wp-content/plugins/transitquote-pro/public/css/images/ui-icons_ffffff_256x240.html]
[localhost/interlinklogistics.co.uk/wp-content/plugins/transitquote-pro/public/themes/light/fonts/untitled-font-2.ttf]
[localhost/interlinklogistics.co.uk/wp-content/plugins/transitquote-pro/public/themes/light/fonts/untitled-font-2.woff]
[localhost/interlinklogistics.co.uk/wp-content/plugins/transitquote-pro/public/css/images/ui-icons_777620_256x240.html]
[localhost/interlinklogistics.co.uk/wp-content/plugins/wpforms/assets/pro/images/vendor/intl-tel-input-flags.png]
[localhost/interlinklogistics.co.uk/wp-content/plugins/wpforms/assets/pro/images/vendor/intl-tel-input-flags@2x.png]
[localhost/interlinklogistics.co.uk/wp-content/plugins/transitquote-pro/public/css/images/ui-icons_cc0000_256x240.html]
[localhost/interlinklogistics.co.uk/wp-content/plugins/transitquote-pro/public/themes/light/fonts/untitled-font-2.svg]
[stats.wp.com/s-202318.js]
[stats.wp.com/w5ea0.js]
